../Core/Src/main.c:79:5:main	8	static
../Core/Src/main.c:150:6:SystemClock_Config	88	static
../Core/Src/main.c:196:13:MX_TIM2_Init	32	static
../Core/Src/main.c:241:13:MX_TIM3_Init	64	static
../Core/Src/main.c:312:13:MX_TIM5_Init	32	static
../Core/Src/main.c:357:13:MX_USART2_UART_Init	8	static
../Core/Src/main.c:388:13:MX_DMA_Init	16	static
../Core/Src/main.c:409:13:MX_GPIO_Init	48	static
../Core/Src/main.c:471:5:thc_milliseconds	16	static
../Core/Src/main.c:482:6:Error_Handler	4	static,ignoring_inline_asm
